// Jest Snapshot v1, https://goo.gl/fbAQLP

exports[`Home component renders Home 1`] = `
<Fragment>
  <h1>
    Two Minutes
  </h1>
</Fragment>
`;
